
Memory Configuration

Name             Origin             Length             Attributes
vexriscv_debug   0x00000000f00f0000 0x0000000000000100
dff              0x0000000000000000 0x0000000000000400
dff2             0x0000000000000400 0x0000000000000200
flash            0x0000000010000000 0x0000000001000000
mprj             0x0000000030000000 0x0000000000100000
mprjram          0x0000000038000000 0x0000000000400000
hk               0x0000000026000000 0x0000000000100000
csr              0x00000000f0000000 0x0000000000010000
*default*        0x0000000000000000 0xffffffffffffffff

Linker script and memory map

                0x0000000000000000                __DYNAMIC = 0x0

.text           0x0000000010000000      0x7b8
                0x0000000010000000                _ftext = .
 *crt0*(.text)
 .text          0x0000000010000000      0x144 counter_la_qs.elf-crt0_vex.o
                0x0000000010000000                _start
                0x0000000010000020                trap_entry
 *crt0*(.text)
 *(.text.isr)
                0x0000000010000144                _etext = .
 .text          0x0000000010000144       0x8c counter_la_qs.elf-isr.o
                0x00000000100001a4                isr
 .text          0x00000000100001d0       0x38 counter_la_qs.elf-qsort.o
 .text          0x0000000010000208      0x5b0 counter_la_qs.elf-counter_la_qs.o
                0x0000000010000240                putchar
                0x00000000100002a8                print
                0x00000000100002fc                main

.rela.dyn       0x00000000100007b8        0x0
 .rela.text     0x00000000100007b8        0x0 counter_la_qs.elf-crt0_vex.o

.rodata         0x00000000100007b8        0x0
                0x00000000100007b8                . = ALIGN (0x8)
 *fill*         0x00000000100007b8        0x0 
                0x00000000100007b8                _frodata = .
 *(.rodata .rodata.* .gnu.linkonce.r.*)
 *(.rodata1)
                0x00000000100007b8                . = ALIGN (0x8)
                0x00000000100007b8                _erodata = .

.data           0x0000000000000000       0x28 load address 0x00000000100007b8
                0x0000000000000000                . = ALIGN (0x8)
                0x0000000000000000                _fdata = .
 *(.data .data.* .gnu.linkonce.d.*)
 .data          0x0000000000000000        0x0 counter_la_qs.elf-crt0_vex.o
 .data          0x0000000000000000        0x0 counter_la_qs.elf-isr.o
 .data          0x0000000000000000       0x28 counter_la_qs.elf-qsort.o
                0x0000000000000000                A
 .data          0x0000000000000028        0x0 counter_la_qs.elf-counter_la_qs.o
 *(.data1)
                0x0000000000000030                _gp = ALIGN (0x10)
 *(.sdata .sdata.* .gnu.linkonce.s.*)
                0x0000000000000028                . = ALIGN (0x8)
                0x0000000000000028                _edata = .

.bss            0x0000000000000028        0x0 load address 0x00000000100007e0
                0x0000000000000028                . = ALIGN (0x8)
                0x0000000000000028                _fbss = .
 *(.dynsbss)
 *(.sbss .sbss.* .gnu.linkonce.sb.*)
 *(.scommon)
 *(.dynbss)
 *(.bss .bss.* .gnu.linkonce.b.*)
 .bss           0x0000000000000028        0x0 counter_la_qs.elf-crt0_vex.o
 .bss           0x0000000000000028        0x0 counter_la_qs.elf-isr.o
 .bss           0x0000000000000028        0x0 counter_la_qs.elf-qsort.o
 .bss           0x0000000000000028        0x0 counter_la_qs.elf-counter_la_qs.o
 *(COMMON)
                0x0000000000000028                . = ALIGN (0x8)
                0x0000000000000028                _ebss = .
                0x0000000000000028                _end = .

.mprjram        0x0000000038000000      0x24c load address 0x00000000100007e0
                0x0000000038000000                . = ALIGN (0x8)
                0x0000000038000000                _fsram = .
 *libgcc.a:*(.text .text.*)
 .mprjram       0x0000000038000000      0x24c counter_la_qs.elf-qsort.o
                0x0000000038000000                partition
                0x0000000038000194                sort
                0x0000000038000218                qsort
                0x0000000000000600                PROVIDE (_fstack = (ORIGIN (dff2) + LENGTH (dff2)))
                0x00000000100007b8                PROVIDE (_fdata_rom = LOADADDR (.data))
                [!provide]                        PROVIDE (_edata_rom = (LOADADDR (.data) + SIZEOF (.data)))
                0x000000003800024c                PROVIDE (_esram = (ORIGIN (mprjram) + SIZEOF (.mprjram)))
                0x00000000100007e0                PROVIDE (_esram_rom = LOADADDR (.mprjram))
LOAD counter_la_qs.elf-crt0_vex.o
LOAD counter_la_qs.elf-isr.o
LOAD counter_la_qs.elf-qsort.o
LOAD counter_la_qs.elf-counter_la_qs.o
LOAD /opt/riscv/lib/gcc/riscv32-unknown-elf/12.1.0/libgcc.a
START GROUP
LOAD /opt/riscv/lib/gcc/riscv32-unknown-elf/12.1.0/../../../../riscv32-unknown-elf/lib/libc.a
LOAD /opt/riscv/lib/gcc/riscv32-unknown-elf/12.1.0/../../../../riscv32-unknown-elf/lib/libgloss.a
END GROUP
LOAD /opt/riscv/lib/gcc/riscv32-unknown-elf/12.1.0/libgcc.a
OUTPUT(counter_la_qs.elf elf32-littleriscv)

.riscv.attributes
                0x0000000000000000       0x20
 .riscv.attributes
                0x0000000000000000       0x1e counter_la_qs.elf-crt0_vex.o
 .riscv.attributes
                0x000000000000001e       0x20 counter_la_qs.elf-isr.o
 .riscv.attributes
                0x000000000000003e       0x1c counter_la_qs.elf-qsort.o
 .riscv.attributes
                0x000000000000005a       0x1c counter_la_qs.elf-counter_la_qs.o

.comment        0x0000000000000000       0x1b
 .comment       0x0000000000000000       0x1b counter_la_qs.elf-isr.o
                                         0x1c (size before relaxing)
 .comment       0x000000000000001b       0x1c counter_la_qs.elf-qsort.o
 .comment       0x000000000000001b       0x1c counter_la_qs.elf-counter_la_qs.o

.debug_line     0x0000000000000000      0xa24
 .debug_line    0x0000000000000000      0x204 counter_la_qs.elf-crt0_vex.o
 .debug_line    0x0000000000000204       0x9e counter_la_qs.elf-isr.o
 .debug_line    0x00000000000002a2      0x1c3 counter_la_qs.elf-qsort.o
 .debug_line    0x0000000000000465      0x5bf counter_la_qs.elf-counter_la_qs.o

.debug_line_str
                0x0000000000000000       0xea
 .debug_line_str
                0x0000000000000000       0x58 counter_la_qs.elf-crt0_vex.o
 .debug_line_str
                0x0000000000000058       0x28 counter_la_qs.elf-isr.o
                                         0xbf (size before relaxing)
 .debug_line_str
                0x0000000000000080       0x53 counter_la_qs.elf-qsort.o
                                         0xf7 (size before relaxing)
 .debug_line_str
                0x00000000000000d3       0x17 counter_la_qs.elf-counter_la_qs.o
                                        0x10e (size before relaxing)

.debug_info     0x0000000000000000      0x3a2
 .debug_info    0x0000000000000000       0x25 counter_la_qs.elf-crt0_vex.o
 .debug_info    0x0000000000000025       0xc5 counter_la_qs.elf-isr.o
 .debug_info    0x00000000000000ea      0x185 counter_la_qs.elf-qsort.o
 .debug_info    0x000000000000026f      0x133 counter_la_qs.elf-counter_la_qs.o

.debug_abbrev   0x0000000000000000      0x290
 .debug_abbrev  0x0000000000000000       0x14 counter_la_qs.elf-crt0_vex.o
 .debug_abbrev  0x0000000000000014       0x86 counter_la_qs.elf-isr.o
 .debug_abbrev  0x000000000000009a      0x111 counter_la_qs.elf-qsort.o
 .debug_abbrev  0x00000000000001ab       0xe5 counter_la_qs.elf-counter_la_qs.o

.debug_aranges  0x0000000000000000       0x98
 .debug_aranges
                0x0000000000000000       0x20 counter_la_qs.elf-crt0_vex.o
 .debug_aranges
                0x0000000000000020       0x20 counter_la_qs.elf-isr.o
 .debug_aranges
                0x0000000000000040       0x38 counter_la_qs.elf-qsort.o
 .debug_aranges
                0x0000000000000078       0x20 counter_la_qs.elf-counter_la_qs.o

.debug_str      0x0000000000000000      0x170
 .debug_str     0x0000000000000000       0x64 counter_la_qs.elf-crt0_vex.o
 .debug_str     0x0000000000000064       0xd5 counter_la_qs.elf-isr.o
                                        0x10e (size before relaxing)
 .debug_str     0x0000000000000139       0x24 counter_la_qs.elf-qsort.o
                                        0x126 (size before relaxing)
 .debug_str     0x000000000000015d       0x13 counter_la_qs.elf-counter_la_qs.o
                                        0x124 (size before relaxing)

.debug_frame    0x0000000000000000      0x240
 .debug_frame   0x0000000000000000       0xa4 counter_la_qs.elf-isr.o
 .debug_frame   0x00000000000000a4       0xcc counter_la_qs.elf-qsort.o
 .debug_frame   0x0000000000000170       0xd0 counter_la_qs.elf-counter_la_qs.o

.debug_rnglists
                0x0000000000000000       0x31
 .debug_rnglists
                0x0000000000000000       0x31 counter_la_qs.elf-qsort.o
