Archive member included to satisfy reference by file (symbol)

/opt/riscv/lib/gcc/riscv32-unknown-elf/12.1.0/libgcc.a(muldi3.o)
                              top.elf-func.o (__mulsi3)

Memory Configuration

Name             Origin             Length             Attributes
vexriscv_debug   0x00000000f00f0000 0x0000000000000100
dff              0x0000000000000000 0x0000000000000400
dff2             0x0000000000000400 0x0000000000000200
flash            0x0000000010000000 0x0000000001000000
mprj             0x0000000030000000 0x0000000000100000
mprjram          0x0000000038000000 0x0000000000400000
hk               0x0000000026000000 0x0000000000100000
csr              0x00000000f0000000 0x0000000000010000
*default*        0x0000000000000000 0xffffffffffffffff

Linker script and memory map

                0x0000000000000000                __DYNAMIC = 0x0

.text           0x0000000010000000      0xb58
                0x0000000010000000                _ftext = .
 *crt0*(.text)
 .text          0x0000000010000000      0x148 top.elf-crt0_vex.o
                0x0000000010000000                _start
                0x0000000010000020                trap_entry
 *crt0*(.text)
 *(.text.isr)
                0x0000000010000148                _etext = .
 .text          0x0000000010000148      0x15c top.elf-isr.o
                0x0000000010000238                isr
 .text          0x00000000100002a4       0x38 top.elf-func.o
 .text          0x00000000100002dc      0x87c top.elf-top.o
                0x000000001000037c                putchar
                0x00000000100003e4                print
                0x0000000010000488                main

.mprj           0x0000000010000b58      0x1ec
 .mprj          0x0000000010000b58      0x1ec top.elf-func.o
                0x0000000010000b58                uart_write
                0x0000000010000ba0                uart_write_char
                0x0000000010000c08                uart_write_string
                0x0000000010000c5c                uart_read_char
                0x0000000010000cd0                uart_read

.rodata         0x0000000010000d44        0x4
                0x0000000010000d48                . = ALIGN (0x8)
 *fill*         0x0000000010000d44        0x4 
                0x0000000010000d48                _frodata = .
 *(.rodata .rodata.* .gnu.linkonce.r.*)
 *(.rodata1)
                0x0000000010000d48                . = ALIGN (0x8)
                0x0000000010000d48                _erodata = .

.data           0x0000000000000000      0x108 load address 0x0000000010000d48
                0x0000000000000000                . = ALIGN (0x8)
                0x0000000000000000                _fdata = .
 *(.data .data.* .gnu.linkonce.d.*)
 .data          0x0000000000000000        0x0 top.elf-crt0_vex.o
 .data          0x0000000000000000        0x0 top.elf-isr.o
 .data          0x0000000000000000      0x100 top.elf-func.o
                0x0000000000000000                A
                0x0000000000000040                B
                0x0000000000000080                taps
                0x00000000000000ac                inputsignal
                0x00000000000000d8                QS
 .data          0x0000000000000100        0x0 top.elf-top.o
 .data          0x0000000000000100        0x0 /opt/riscv/lib/gcc/riscv32-unknown-elf/12.1.0/libgcc.a(muldi3.o)
 *(.data1)
                0x0000000000000100                _gp = ALIGN (0x10)
 *(.sdata .sdata.* .gnu.linkonce.s.*)
 .sdata         0x0000000000000100        0x4 top.elf-isr.o
                0x0000000000000100                counter
                0x0000000000000108                . = ALIGN (0x8)
 *fill*         0x0000000000000104        0x4 
                0x0000000000000108                _edata = .

.bss            0x0000000000000108       0x98 load address 0x0000000010000e50
                0x0000000000000108                . = ALIGN (0x8)
                0x0000000000000108                _fbss = .
 *(.dynsbss)
 *(.sbss .sbss.* .gnu.linkonce.sb.*)
 *(.scommon)
 *(.dynbss)
 *(.bss .bss.* .gnu.linkonce.b.*)
 .bss           0x0000000000000108        0x0 top.elf-crt0_vex.o
 .bss           0x0000000000000108        0x0 top.elf-isr.o
 .bss           0x0000000000000108       0x98 top.elf-func.o
                0x0000000000000108                result_mm
                0x0000000000000148                inputbuffer
                0x0000000000000174                outputsignal
 .bss           0x00000000000001a0        0x0 top.elf-top.o
 .bss           0x00000000000001a0        0x0 /opt/riscv/lib/gcc/riscv32-unknown-elf/12.1.0/libgcc.a(muldi3.o)
 *(COMMON)
                0x00000000000001a0                . = ALIGN (0x8)
                0x00000000000001a0                _ebss = .
                0x00000000000001a0                _end = .

.mprjram        0x0000000038000000      0x540 load address 0x0000000010000e50
                0x0000000038000000                . = ALIGN (0x8)
                0x0000000038000000                _fsram = .
 *libgcc.a:*(.text .text.*)
 .text          0x0000000038000000       0x24 /opt/riscv/lib/gcc/riscv32-unknown-elf/12.1.0/libgcc.a(muldi3.o)
                0x0000000038000000                __mulsi3
 .mprjram       0x0000000038000024      0x51c top.elf-func.o
                0x0000000038000024                matmul
                0x000000003800013c                initfir
                0x00000000380001a4                firfilter
                0x0000000038000294                fir
                0x0000000038000314                partition
                0x0000000038000498                sort
                0x000000003800050c                qsort
                0x0000000000000600                PROVIDE (_fstack = (ORIGIN (dff2) + LENGTH (dff2)))
                0x0000000010000d48                PROVIDE (_fdata_rom = LOADADDR (.data))
                [!provide]                        PROVIDE (_edata_rom = (LOADADDR (.data) + SIZEOF (.data)))
                0x0000000038000540                PROVIDE (_esram = (ORIGIN (mprjram) + SIZEOF (.mprjram)))
                0x0000000010000e50                PROVIDE (_esram_rom = LOADADDR (.mprjram))
LOAD top.elf-crt0_vex.o
LOAD top.elf-isr.o
LOAD top.elf-func.o
LOAD top.elf-top.o
LOAD /opt/riscv/lib/gcc/riscv32-unknown-elf/12.1.0/libgcc.a
START GROUP
LOAD /opt/riscv/lib/gcc/riscv32-unknown-elf/12.1.0/../../../../riscv32-unknown-elf/lib/libc.a
LOAD /opt/riscv/lib/gcc/riscv32-unknown-elf/12.1.0/../../../../riscv32-unknown-elf/lib/libgloss.a
END GROUP
LOAD /opt/riscv/lib/gcc/riscv32-unknown-elf/12.1.0/libgcc.a
OUTPUT(top.elf elf32-littleriscv)

.rela.dyn       0x0000000038000540        0x0 load address 0x0000000010001390
 .rela.text     0x0000000038000540        0x0 top.elf-crt0_vex.o

.riscv.attributes
                0x0000000000000000       0x20
 .riscv.attributes
                0x0000000000000000       0x1e top.elf-crt0_vex.o
 .riscv.attributes
                0x000000000000001e       0x20 top.elf-isr.o
 .riscv.attributes
                0x000000000000003e       0x1c top.elf-func.o
 .riscv.attributes
                0x000000000000005a       0x20 top.elf-top.o
 .riscv.attributes
                0x000000000000007a       0x1a /opt/riscv/lib/gcc/riscv32-unknown-elf/12.1.0/libgcc.a(muldi3.o)

.comment        0x0000000000000000       0x1b
 .comment       0x0000000000000000       0x1b top.elf-isr.o
                                         0x1c (size before relaxing)
 .comment       0x000000000000001b       0x1c top.elf-func.o
 .comment       0x000000000000001b       0x1c top.elf-top.o

.debug_line     0x0000000000000000     0x1308
 .debug_line    0x0000000000000000      0x20a top.elf-crt0_vex.o
 .debug_line    0x000000000000020a      0x151 top.elf-isr.o
 .debug_line    0x000000000000035b      0x63b top.elf-func.o
 .debug_line    0x0000000000000996      0x8f8 top.elf-top.o
 .debug_line    0x000000000000128e       0x7a /opt/riscv/lib/gcc/riscv32-unknown-elf/12.1.0/libgcc.a(muldi3.o)

.debug_line_str
                0x0000000000000000      0x182
 .debug_line_str
                0x0000000000000000       0x4e top.elf-crt0_vex.o
 .debug_line_str
                0x000000000000004e       0x8c top.elf-isr.o
                                        0x10f (size before relaxing)
 .debug_line_str
                0x00000000000000da        0x7 top.elf-func.o
                                         0xd8 (size before relaxing)
 .debug_line_str
                0x00000000000000e1        0xd top.elf-top.o
                                        0x107 (size before relaxing)
 .debug_line_str
                0x00000000000000ee       0x94 /opt/riscv/lib/gcc/riscv32-unknown-elf/12.1.0/libgcc.a(muldi3.o)

.debug_info     0x0000000000000000      0x830
 .debug_info    0x0000000000000000       0x25 top.elf-crt0_vex.o
 .debug_info    0x0000000000000025      0x1a3 top.elf-isr.o
 .debug_info    0x00000000000001c8      0x430 top.elf-func.o
 .debug_info    0x00000000000005f8      0x209 top.elf-top.o
 .debug_info    0x0000000000000801       0x2f /opt/riscv/lib/gcc/riscv32-unknown-elf/12.1.0/libgcc.a(muldi3.o)

.debug_abbrev   0x0000000000000000      0x4e0
 .debug_abbrev  0x0000000000000000       0x14 top.elf-crt0_vex.o
 .debug_abbrev  0x0000000000000014      0x131 top.elf-isr.o
 .debug_abbrev  0x0000000000000145      0x1fe top.elf-func.o
 .debug_abbrev  0x0000000000000343      0x17c top.elf-top.o
 .debug_abbrev  0x00000000000004bf       0x21 /opt/riscv/lib/gcc/riscv32-unknown-elf/12.1.0/libgcc.a(muldi3.o)

.debug_aranges  0x0000000000000000      0x100
 .debug_aranges
                0x0000000000000000       0x20 top.elf-crt0_vex.o
 .debug_aranges
                0x0000000000000020       0x20 top.elf-isr.o
 .debug_aranges
                0x0000000000000040       0x80 top.elf-func.o
 .debug_aranges
                0x00000000000000c0       0x20 top.elf-top.o
 .debug_aranges
                0x00000000000000e0       0x20 /opt/riscv/lib/gcc/riscv32-unknown-elf/12.1.0/libgcc.a(muldi3.o)

.debug_str      0x0000000000000000      0x322
 .debug_str     0x0000000000000000       0x5a top.elf-crt0_vex.o
 .debug_str     0x000000000000005a      0x139 top.elf-isr.o
                                        0x17a (size before relaxing)
 .debug_str     0x0000000000000193       0xb8 top.elf-func.o
                                        0x1dd (size before relaxing)
 .debug_str     0x000000000000024b       0x3a top.elf-top.o
                                        0x174 (size before relaxing)
 .debug_str     0x0000000000000285       0x9d /opt/riscv/lib/gcc/riscv32-unknown-elf/12.1.0/libgcc.a(muldi3.o)
                                         0xa9 (size before relaxing)

.debug_frame    0x0000000000000000      0x4a0
 .debug_frame   0x0000000000000000      0x118 top.elf-isr.o
 .debug_frame   0x0000000000000118      0x224 top.elf-func.o
 .debug_frame   0x000000000000033c      0x164 top.elf-top.o

.debug_rnglists
                0x0000000000000000       0x82
 .debug_rnglists
                0x0000000000000000       0x82 top.elf-func.o
