Archive member included to satisfy reference by file (symbol)

/opt/riscv/lib/gcc/riscv32-unknown-elf/12.1.0/libgcc.a(muldi3.o)
                              counter_la_mm.elf-matmul.o (__mulsi3)

Memory Configuration

Name             Origin             Length             Attributes
vexriscv_debug   0x00000000f00f0000 0x0000000000000100
dff              0x0000000000000000 0x0000000000000400
dff2             0x0000000000000400 0x0000000000000200
flash            0x0000000010000000 0x0000000001000000
mprj             0x0000000030000000 0x0000000000100000
mprjram          0x0000000038000000 0x0000000000400000
hk               0x0000000026000000 0x0000000000100000
csr              0x00000000f0000000 0x0000000000010000
*default*        0x0000000000000000 0xffffffffffffffff

Linker script and memory map

                0x0000000000000000                __DYNAMIC = 0x0

.text           0x0000000010000000      0x6dc
                0x0000000010000000                _ftext = .
 *crt0*(.text)
 .text          0x0000000010000000      0x144 counter_la_mm.elf-crt0_vex.o
                0x0000000010000000                _start
                0x0000000010000020                trap_entry
 *crt0*(.text)
 *(.text.isr)
                0x0000000010000144                _etext = .
 .text          0x0000000010000144       0x8c counter_la_mm.elf-isr.o
                0x00000000100001a4                isr
 .text          0x00000000100001d0        0x0 counter_la_mm.elf-matmul.o
 .text          0x00000000100001d0      0x50c counter_la_mm.elf-counter_la_mm.o
                0x0000000010000208                putchar
                0x0000000010000270                print
                0x00000000100002c4                main

.rodata         0x00000000100006dc        0x4
                0x00000000100006e0                . = ALIGN (0x8)
 *fill*         0x00000000100006dc        0x4 
                0x00000000100006e0                _frodata = .
 *(.rodata .rodata.* .gnu.linkonce.r.*)
 *(.rodata1)
                0x00000000100006e0                . = ALIGN (0x8)
                0x00000000100006e0                _erodata = .

.data           0x0000000000000000       0x80 load address 0x00000000100006e0
                0x0000000000000000                . = ALIGN (0x8)
                0x0000000000000000                _fdata = .
 *(.data .data.* .gnu.linkonce.d.*)
 .data          0x0000000000000000        0x0 counter_la_mm.elf-crt0_vex.o
 .data          0x0000000000000000        0x0 counter_la_mm.elf-isr.o
 .data          0x0000000000000000       0x80 counter_la_mm.elf-matmul.o
                0x0000000000000000                A
                0x0000000000000040                B
 .data          0x0000000000000080        0x0 counter_la_mm.elf-counter_la_mm.o
 .data          0x0000000000000080        0x0 /opt/riscv/lib/gcc/riscv32-unknown-elf/12.1.0/libgcc.a(muldi3.o)
 *(.data1)
                0x0000000000000080                _gp = ALIGN (0x10)
 *(.sdata .sdata.* .gnu.linkonce.s.*)
                0x0000000000000080                . = ALIGN (0x8)
                0x0000000000000080                _edata = .

.bss            0x0000000000000080       0x40 load address 0x0000000010000760
                0x0000000000000080                . = ALIGN (0x8)
                0x0000000000000080                _fbss = .
 *(.dynsbss)
 *(.sbss .sbss.* .gnu.linkonce.sb.*)
 *(.scommon)
 *(.dynbss)
 *(.bss .bss.* .gnu.linkonce.b.*)
 .bss           0x0000000000000080        0x0 counter_la_mm.elf-crt0_vex.o
 .bss           0x0000000000000080        0x0 counter_la_mm.elf-isr.o
 .bss           0x0000000000000080       0x40 counter_la_mm.elf-matmul.o
                0x0000000000000080                result
 .bss           0x00000000000000c0        0x0 counter_la_mm.elf-counter_la_mm.o
 .bss           0x00000000000000c0        0x0 /opt/riscv/lib/gcc/riscv32-unknown-elf/12.1.0/libgcc.a(muldi3.o)
 *(COMMON)
                0x00000000000000c0                . = ALIGN (0x8)
                0x00000000000000c0                _ebss = .
                0x00000000000000c0                _end = .

.mprjram        0x0000000038000000      0x13c load address 0x0000000010000760
                0x0000000038000000                . = ALIGN (0x8)
                0x0000000038000000                _fsram = .
 *libgcc.a:*(.text .text.*)
 .text          0x0000000038000000       0x24 /opt/riscv/lib/gcc/riscv32-unknown-elf/12.1.0/libgcc.a(muldi3.o)
                0x0000000038000000                __mulsi3
 .mprjram       0x0000000038000024      0x118 counter_la_mm.elf-matmul.o
                0x0000000038000024                matmul
                0x0000000000000600                PROVIDE (_fstack = (ORIGIN (dff2) + LENGTH (dff2)))
                0x00000000100006e0                PROVIDE (_fdata_rom = LOADADDR (.data))
                [!provide]                        PROVIDE (_edata_rom = (LOADADDR (.data) + SIZEOF (.data)))
                0x000000003800013c                PROVIDE (_esram = (ORIGIN (mprjram) + SIZEOF (.mprjram)))
                0x0000000010000760                PROVIDE (_esram_rom = LOADADDR (.mprjram))
LOAD counter_la_mm.elf-crt0_vex.o
LOAD counter_la_mm.elf-isr.o
LOAD counter_la_mm.elf-matmul.o
LOAD counter_la_mm.elf-counter_la_mm.o
LOAD /opt/riscv/lib/gcc/riscv32-unknown-elf/12.1.0/libgcc.a
START GROUP
LOAD /opt/riscv/lib/gcc/riscv32-unknown-elf/12.1.0/../../../../riscv32-unknown-elf/lib/libc.a
LOAD /opt/riscv/lib/gcc/riscv32-unknown-elf/12.1.0/../../../../riscv32-unknown-elf/lib/libgloss.a
END GROUP
LOAD /opt/riscv/lib/gcc/riscv32-unknown-elf/12.1.0/libgcc.a
OUTPUT(counter_la_mm.elf elf32-littleriscv)

.rela.dyn       0x000000003800013c        0x0 load address 0x000000001000089c
 .rela.text     0x000000003800013c        0x0 counter_la_mm.elf-crt0_vex.o

.riscv.attributes
                0x0000000000000000       0x20
 .riscv.attributes
                0x0000000000000000       0x1e counter_la_mm.elf-crt0_vex.o
 .riscv.attributes
                0x000000000000001e       0x20 counter_la_mm.elf-isr.o
 .riscv.attributes
                0x000000000000003e       0x1c counter_la_mm.elf-matmul.o
 .riscv.attributes
                0x000000000000005a       0x1c counter_la_mm.elf-counter_la_mm.o
 .riscv.attributes
                0x0000000000000076       0x1a /opt/riscv/lib/gcc/riscv32-unknown-elf/12.1.0/libgcc.a(muldi3.o)

.comment        0x0000000000000000       0x1b
 .comment       0x0000000000000000       0x1b counter_la_mm.elf-isr.o
                                         0x1c (size before relaxing)
 .comment       0x000000000000001b       0x1c counter_la_mm.elf-matmul.o
 .comment       0x000000000000001b       0x1c counter_la_mm.elf-counter_la_mm.o

.debug_line     0x0000000000000000      0x962
 .debug_line    0x0000000000000000      0x204 counter_la_mm.elf-crt0_vex.o
 .debug_line    0x0000000000000204       0x9e counter_la_mm.elf-isr.o
 .debug_line    0x00000000000002a2      0x16f counter_la_mm.elf-matmul.o
 .debug_line    0x0000000000000411      0x4d7 counter_la_mm.elf-counter_la_mm.o
 .debug_line    0x00000000000008e8       0x7a /opt/riscv/lib/gcc/riscv32-unknown-elf/12.1.0/libgcc.a(muldi3.o)

.debug_line_str
                0x0000000000000000      0x180
 .debug_line_str
                0x0000000000000000       0x58 counter_la_mm.elf-crt0_vex.o
 .debug_line_str
                0x0000000000000058       0x28 counter_la_mm.elf-isr.o
                                         0xbf (size before relaxing)
 .debug_line_str
                0x0000000000000080       0x12 counter_la_mm.elf-matmul.o
                                         0xa0 (size before relaxing)
 .debug_line_str
                0x0000000000000092       0x5a counter_la_mm.elf-counter_la_mm.o
                                        0x10e (size before relaxing)
 .debug_line_str
                0x00000000000000ec       0x94 /opt/riscv/lib/gcc/riscv32-unknown-elf/12.1.0/libgcc.a(muldi3.o)

.debug_info     0x0000000000000000      0x328
 .debug_info    0x0000000000000000       0x25 counter_la_mm.elf-crt0_vex.o
 .debug_info    0x0000000000000025       0xc5 counter_la_mm.elf-isr.o
 .debug_info    0x00000000000000ea       0xdc counter_la_mm.elf-matmul.o
 .debug_info    0x00000000000001c6      0x133 counter_la_mm.elf-counter_la_mm.o
 .debug_info    0x00000000000002f9       0x2f /opt/riscv/lib/gcc/riscv32-unknown-elf/12.1.0/libgcc.a(muldi3.o)

.debug_abbrev   0x0000000000000000      0x25b
 .debug_abbrev  0x0000000000000000       0x14 counter_la_mm.elf-crt0_vex.o
 .debug_abbrev  0x0000000000000014       0x86 counter_la_mm.elf-isr.o
 .debug_abbrev  0x000000000000009a       0xbb counter_la_mm.elf-matmul.o
 .debug_abbrev  0x0000000000000155       0xe5 counter_la_mm.elf-counter_la_mm.o
 .debug_abbrev  0x000000000000023a       0x21 /opt/riscv/lib/gcc/riscv32-unknown-elf/12.1.0/libgcc.a(muldi3.o)

.debug_aranges  0x0000000000000000       0xa0
 .debug_aranges
                0x0000000000000000       0x20 counter_la_mm.elf-crt0_vex.o
 .debug_aranges
                0x0000000000000020       0x20 counter_la_mm.elf-isr.o
 .debug_aranges
                0x0000000000000040       0x20 counter_la_mm.elf-matmul.o
 .debug_aranges
                0x0000000000000060       0x20 counter_la_mm.elf-counter_la_mm.o
 .debug_aranges
                0x0000000000000080       0x20 /opt/riscv/lib/gcc/riscv32-unknown-elf/12.1.0/libgcc.a(muldi3.o)

.debug_str      0x0000000000000000      0x206
 .debug_str     0x0000000000000000       0x64 counter_la_mm.elf-crt0_vex.o
 .debug_str     0x0000000000000064       0xd5 counter_la_mm.elf-isr.o
                                        0x10e (size before relaxing)
 .debug_str     0x0000000000000139       0x14 counter_la_mm.elf-matmul.o
                                         0x78 (size before relaxing)
 .debug_str     0x000000000000014d       0x1c counter_la_mm.elf-counter_la_mm.o
                                        0x125 (size before relaxing)
 .debug_str     0x0000000000000169       0x9d /opt/riscv/lib/gcc/riscv32-unknown-elf/12.1.0/libgcc.a(muldi3.o)
                                         0xa9 (size before relaxing)

.debug_frame    0x0000000000000000      0x1ac
 .debug_frame   0x0000000000000000       0xa4 counter_la_mm.elf-isr.o
 .debug_frame   0x00000000000000a4       0x38 counter_la_mm.elf-matmul.o
 .debug_frame   0x00000000000000dc       0xd0 counter_la_mm.elf-counter_la_mm.o

.debug_rnglists
                0x0000000000000000       0x16
 .debug_rnglists
                0x0000000000000000       0x16 counter_la_mm.elf-matmul.o
