Archive member included to satisfy reference by file (symbol)

/opt/riscv/lib/gcc/riscv32-unknown-elf/12.1.0/libgcc.a(muldi3.o)
                              counter_la_fir.elf-fir.o (__mulsi3)

Memory Configuration

Name             Origin             Length             Attributes
vexriscv_debug   0x00000000f00f0000 0x0000000000000100
dff              0x0000000000000000 0x0000000000000400
dff2             0x0000000000000400 0x0000000000000200
flash            0x0000000010000000 0x0000000001000000
mprj             0x0000000030000000 0x0000000000100000
mprjram          0x0000000038000000 0x0000000000400000
hk               0x0000000026000000 0x0000000000100000
csr              0x00000000f0000000 0x0000000000010000
*default*        0x0000000000000000 0xffffffffffffffff

Linker script and memory map

                0x0000000000000000                __DYNAMIC = 0x0

.text           0x0000000010000000      0x7ac
                0x0000000010000000                _ftext = .
 *crt0*(.text)
 .text          0x0000000010000000      0x144 counter_la_fir.elf-crt0_vex.o
                0x0000000010000000                _start
                0x0000000010000020                trap_entry
 *crt0*(.text)
 *(.text.isr)
                0x0000000010000144                _etext = .
 .text          0x0000000010000144       0xb4 counter_la_fir.elf-isr.o
                0x00000000100001a4                isr
 .text          0x00000000100001f8        0x0 counter_la_fir.elf-fir.o
 .text          0x00000000100001f8      0x5b4 counter_la_fir.elf-counter_la_fir.o
                0x0000000010000230                putchar
                0x0000000010000298                print
                0x00000000100002ec                main

.rodata         0x00000000100007ac        0x4
                0x00000000100007b0                . = ALIGN (0x8)
 *fill*         0x00000000100007ac        0x4 
                0x00000000100007b0                _frodata = .
 *(.rodata .rodata.* .gnu.linkonce.r.*)
 *(.rodata1)
                0x00000000100007b0                . = ALIGN (0x8)
                0x00000000100007b0                _erodata = .

.data           0x0000000000000000       0x58 load address 0x00000000100007b0
                0x0000000000000000                . = ALIGN (0x8)
                0x0000000000000000                _fdata = .
 *(.data .data.* .gnu.linkonce.d.*)
 .data          0x0000000000000000        0x0 counter_la_fir.elf-crt0_vex.o
 .data          0x0000000000000000        0x0 counter_la_fir.elf-isr.o
 .data          0x0000000000000000       0x58 counter_la_fir.elf-fir.o
                0x0000000000000000                taps
                0x000000000000002c                inputsignal
 .data          0x0000000000000058        0x0 counter_la_fir.elf-counter_la_fir.o
 .data          0x0000000000000058        0x0 /opt/riscv/lib/gcc/riscv32-unknown-elf/12.1.0/libgcc.a(muldi3.o)
 *(.data1)
                0x0000000000000060                _gp = ALIGN (0x10)
 *(.sdata .sdata.* .gnu.linkonce.s.*)
                0x0000000000000058                . = ALIGN (0x8)
                0x0000000000000058                _edata = .

.bss            0x0000000000000058       0x60 load address 0x0000000010000808
                0x0000000000000058                . = ALIGN (0x8)
                0x0000000000000058                _fbss = .
 *(.dynsbss)
 *(.sbss .sbss.* .gnu.linkonce.sb.*)
 .sbss          0x0000000000000058        0x2 counter_la_fir.elf-isr.o
                0x0000000000000058                flag
 *(.scommon)
 *(.dynbss)
 *(.bss .bss.* .gnu.linkonce.b.*)
 .bss           0x000000000000005a        0x0 counter_la_fir.elf-crt0_vex.o
 .bss           0x000000000000005a        0x0 counter_la_fir.elf-isr.o
 *fill*         0x000000000000005a        0x2 
 .bss           0x000000000000005c       0x58 counter_la_fir.elf-fir.o
                0x000000000000005c                inputbuffer
                0x0000000000000088                outputsignal
 .bss           0x00000000000000b4        0x0 counter_la_fir.elf-counter_la_fir.o
 .bss           0x00000000000000b4        0x0 /opt/riscv/lib/gcc/riscv32-unknown-elf/12.1.0/libgcc.a(muldi3.o)
 *(COMMON)
                0x00000000000000b8                . = ALIGN (0x8)
 *fill*         0x00000000000000b4        0x4 
                0x00000000000000b8                _ebss = .
                0x00000000000000b8                _end = .

.mprjram        0x0000000038000000      0x220 load address 0x0000000010000808
                0x0000000038000000                . = ALIGN (0x8)
                0x0000000038000000                _fsram = .
 *libgcc.a:*(.text .text.*)
 .text          0x0000000038000000       0x24 /opt/riscv/lib/gcc/riscv32-unknown-elf/12.1.0/libgcc.a(muldi3.o)
                0x0000000038000000                __mulsi3
 .mprjram       0x0000000038000024      0x1fc counter_la_fir.elf-fir.o
                0x0000000038000024                initfir
                0x000000003800008c                fir
                0x0000000000000600                PROVIDE (_fstack = (ORIGIN (dff2) + LENGTH (dff2)))
                0x00000000100007b0                PROVIDE (_fdata_rom = LOADADDR (.data))
                [!provide]                        PROVIDE (_edata_rom = (LOADADDR (.data) + SIZEOF (.data)))
                0x0000000038000220                PROVIDE (_esram = (ORIGIN (mprjram) + SIZEOF (.mprjram)))
                0x0000000010000808                PROVIDE (_esram_rom = LOADADDR (.mprjram))
LOAD counter_la_fir.elf-crt0_vex.o
LOAD counter_la_fir.elf-isr.o
LOAD counter_la_fir.elf-fir.o
LOAD counter_la_fir.elf-counter_la_fir.o
LOAD /opt/riscv/lib/gcc/riscv32-unknown-elf/12.1.0/libgcc.a
START GROUP
LOAD /opt/riscv/lib/gcc/riscv32-unknown-elf/12.1.0/../../../../riscv32-unknown-elf/lib/libc.a
LOAD /opt/riscv/lib/gcc/riscv32-unknown-elf/12.1.0/../../../../riscv32-unknown-elf/lib/libgloss.a
END GROUP
LOAD /opt/riscv/lib/gcc/riscv32-unknown-elf/12.1.0/libgcc.a
OUTPUT(counter_la_fir.elf elf32-littleriscv)

.rela.dyn       0x0000000038000220        0x0 load address 0x0000000010000a28
 .rela.text     0x0000000038000220        0x0 counter_la_fir.elf-crt0_vex.o

.riscv.attributes
                0x0000000000000000       0x20
 .riscv.attributes
                0x0000000000000000       0x1e counter_la_fir.elf-crt0_vex.o
 .riscv.attributes
                0x000000000000001e       0x20 counter_la_fir.elf-isr.o
 .riscv.attributes
                0x000000000000003e       0x1c counter_la_fir.elf-fir.o
 .riscv.attributes
                0x000000000000005a       0x1c counter_la_fir.elf-counter_la_fir.o
 .riscv.attributes
                0x0000000000000076       0x1a /opt/riscv/lib/gcc/riscv32-unknown-elf/12.1.0/libgcc.a(muldi3.o)

.comment        0x0000000000000000       0x1b
 .comment       0x0000000000000000       0x1b counter_la_fir.elf-isr.o
                                         0x1c (size before relaxing)
 .comment       0x000000000000001b       0x1c counter_la_fir.elf-fir.o
 .comment       0x000000000000001b       0x1c counter_la_fir.elf-counter_la_fir.o

.debug_line     0x0000000000000000      0xb11
 .debug_line    0x0000000000000000      0x204 counter_la_fir.elf-crt0_vex.o
 .debug_line    0x0000000000000204       0xd1 counter_la_fir.elf-isr.o
 .debug_line    0x00000000000002d5      0x1fb counter_la_fir.elf-fir.o
 .debug_line    0x00000000000004d0      0x5c7 counter_la_fir.elf-counter_la_fir.o
 .debug_line    0x0000000000000a97       0x7a /opt/riscv/lib/gcc/riscv32-unknown-elf/12.1.0/libgcc.a(muldi3.o)

.debug_line_str
                0x0000000000000000      0x16c
 .debug_line_str
                0x0000000000000000       0x4f counter_la_fir.elf-crt0_vex.o
 .debug_line_str
                0x000000000000004f       0x6b counter_la_fir.elf-isr.o
                                         0xf0 (size before relaxing)
 .debug_line_str
                0x00000000000000ba        0x6 counter_la_fir.elf-fir.o
                                         0x82 (size before relaxing)
 .debug_line_str
                0x00000000000000c0       0x18 counter_la_fir.elf-counter_la_fir.o
                                         0xff (size before relaxing)
 .debug_line_str
                0x00000000000000d8       0x94 /opt/riscv/lib/gcc/riscv32-unknown-elf/12.1.0/libgcc.a(muldi3.o)

.debug_info     0x0000000000000000      0x36f
 .debug_info    0x0000000000000000       0x25 counter_la_fir.elf-crt0_vex.o
 .debug_info    0x0000000000000025       0xed counter_la_fir.elf-isr.o
 .debug_info    0x0000000000000112       0xfb counter_la_fir.elf-fir.o
 .debug_info    0x000000000000020d      0x133 counter_la_fir.elf-counter_la_fir.o
 .debug_info    0x0000000000000340       0x2f /opt/riscv/lib/gcc/riscv32-unknown-elf/12.1.0/libgcc.a(muldi3.o)

.debug_abbrev   0x0000000000000000      0x26a
 .debug_abbrev  0x0000000000000000       0x14 counter_la_fir.elf-crt0_vex.o
 .debug_abbrev  0x0000000000000014       0xa9 counter_la_fir.elf-isr.o
 .debug_abbrev  0x00000000000000bd       0xa7 counter_la_fir.elf-fir.o
 .debug_abbrev  0x0000000000000164       0xe5 counter_la_fir.elf-counter_la_fir.o
 .debug_abbrev  0x0000000000000249       0x21 /opt/riscv/lib/gcc/riscv32-unknown-elf/12.1.0/libgcc.a(muldi3.o)

.debug_aranges  0x0000000000000000       0xa8
 .debug_aranges
                0x0000000000000000       0x20 counter_la_fir.elf-crt0_vex.o
 .debug_aranges
                0x0000000000000020       0x20 counter_la_fir.elf-isr.o
 .debug_aranges
                0x0000000000000040       0x28 counter_la_fir.elf-fir.o
 .debug_aranges
                0x0000000000000068       0x20 counter_la_fir.elf-counter_la_fir.o
 .debug_aranges
                0x0000000000000088       0x20 /opt/riscv/lib/gcc/riscv32-unknown-elf/12.1.0/libgcc.a(muldi3.o)

.debug_str      0x0000000000000000      0x229
 .debug_str     0x0000000000000000       0x5b counter_la_fir.elf-crt0_vex.o
 .debug_str     0x000000000000005b       0xec counter_la_fir.elf-isr.o
                                        0x125 (size before relaxing)
 .debug_str     0x0000000000000147       0x32 counter_la_fir.elf-fir.o
                                         0x96 (size before relaxing)
 .debug_str     0x0000000000000179       0x13 counter_la_fir.elf-counter_la_fir.o
                                        0x11e (size before relaxing)
 .debug_str     0x000000000000018c       0x9d /opt/riscv/lib/gcc/riscv32-unknown-elf/12.1.0/libgcc.a(muldi3.o)
                                         0xa9 (size before relaxing)

.debug_frame    0x0000000000000000      0x1d4
 .debug_frame   0x0000000000000000       0xa4 counter_la_fir.elf-isr.o
 .debug_frame   0x00000000000000a4       0x60 counter_la_fir.elf-fir.o
 .debug_frame   0x0000000000000104       0xd0 counter_la_fir.elf-counter_la_fir.o

.debug_rnglists
                0x0000000000000000       0x1f
 .debug_rnglists
                0x0000000000000000       0x1f counter_la_fir.elf-fir.o
