
Memory Configuration

Name             Origin             Length             Attributes
vexriscv_debug   0x00000000f00f0000 0x0000000000000100
dff              0x0000000000000000 0x0000000000000400
dff2             0x0000000000000400 0x0000000000000200
flash            0x0000000010000000 0x0000000001000000
mprj             0x0000000030000000 0x0000000003100000
mprjram          0x0000000038000000 0x0000000000400000
hk               0x0000000026000000 0x0000000000100000
csr              0x00000000f0000000 0x0000000000010000
*default*        0x0000000000000000 0xffffffffffffffff

Linker script and memory map

                0x0000000000000000                __DYNAMIC = 0x0

.text           0x0000000010000000      0x208
                0x0000000010000000                _ftext = .
 *crt0*(.text)
 .text          0x0000000010000000      0x148 top.elf-crt0_vex.o
                0x0000000010000000                _start
                0x0000000010000020                trap_entry
 *crt0*(.text)
 *(.text.isr)
                0x0000000010000148                _etext = .
 .text          0x0000000010000148       0x3c top.elf-isr.o
                0x0000000010000148                isr
 .text          0x0000000010000184        0x0 top.elf-func.o
 .text          0x0000000010000184       0x84 top.elf-top.o
                0x0000000010000184                putchar
                0x00000000100001c0                print

.mprj           0x0000000010000208       0xf8
 .mprj          0x0000000010000208       0xf8 top.elf-func.o
                0x0000000010000208                uart_write
                0x0000000010000220                uart_write_char
                0x000000001000025c                uart_write_string
                0x00000000100002a8                uart_read_char
                0x00000000100002d8                uart_read

.text.startup   0x0000000010000300      0x314
 .text.startup  0x0000000010000300      0x314 top.elf-top.o
                0x0000000010000300                main

.rela.dyn       0x0000000010000614        0x0
 .rela.text     0x0000000010000614        0x0 top.elf-crt0_vex.o

.rodata         0x0000000010000614        0x4
                0x0000000010000618                . = ALIGN (0x8)
 *fill*         0x0000000010000614        0x4 
                0x0000000010000618                _frodata = .
 *(.rodata .rodata.* .gnu.linkonce.r.*)
 *(.rodata1)
                0x0000000010000618                . = ALIGN (0x8)
                0x0000000010000618                _erodata = .

.data           0x0000000000000000        0x8 load address 0x0000000010000618
                0x0000000000000000                . = ALIGN (0x8)
                0x0000000000000000                _fdata = .
 *(.data .data.* .gnu.linkonce.d.*)
 .data          0x0000000000000000        0x0 top.elf-crt0_vex.o
 .data          0x0000000000000000        0x0 top.elf-isr.o
 .data          0x0000000000000000        0x0 top.elf-func.o
 .data          0x0000000000000000        0x0 top.elf-top.o
 *(.data1)
                0x0000000000000000                _gp = ALIGN (0x10)
 *(.sdata .sdata.* .gnu.linkonce.s.*)
 .sdata         0x0000000000000000        0x4 top.elf-isr.o
                0x0000000000000000                counter
                0x0000000000000008                . = ALIGN (0x8)
 *fill*         0x0000000000000004        0x4 
                0x0000000000000008                _edata = .

.bss            0x0000000000000008       0x98 load address 0x0000000010000620
                0x0000000000000008                . = ALIGN (0x8)
                0x0000000000000008                _fbss = .
 *(.dynsbss)
 *(.sbss .sbss.* .gnu.linkonce.sb.*)
 *(.scommon)
 *(.dynbss)
 *(.bss .bss.* .gnu.linkonce.b.*)
 .bss           0x0000000000000008        0x0 top.elf-crt0_vex.o
 .bss           0x0000000000000008        0x0 top.elf-isr.o
 .bss           0x0000000000000008       0x94 top.elf-func.o
                0x0000000000000008                result_mm
                0x0000000000000048                outputsignal
                0x0000000000000074                QS_results
 .bss           0x000000000000009c        0x0 top.elf-top.o
 *(COMMON)
                0x00000000000000a0                . = ALIGN (0x8)
 *fill*         0x000000000000009c        0x4 
                0x00000000000000a0                _ebss = .
                0x00000000000000a0                _end = .

.mprjram        0x0000000038000000      0x324 load address 0x0000000010000620
                0x0000000038000000                . = ALIGN (0x8)
                0x0000000038000000                _fsram = .
 *libgcc.a:*(.text .text.*)
 .mprjram       0x0000000038000000      0x324 top.elf-func.o
                0x0000000038000000                matmul
                0x0000000038000168                fir
                0x000000003800026c                qsort
                0x0000000000000600                PROVIDE (_fstack = (ORIGIN (dff2) + LENGTH (dff2)))
                0x0000000010000618                PROVIDE (_fdata_rom = LOADADDR (.data))
                [!provide]                        PROVIDE (_edata_rom = (LOADADDR (.data) + SIZEOF (.data)))
                0x0000000038000324                PROVIDE (_esram = (ORIGIN (mprjram) + SIZEOF (.mprjram)))
                0x0000000010000620                PROVIDE (_esram_rom = LOADADDR (.mprjram))
LOAD top.elf-crt0_vex.o
LOAD top.elf-isr.o
LOAD top.elf-func.o
LOAD top.elf-top.o
LOAD /opt/riscv/lib/gcc/riscv32-unknown-elf/12.1.0/libgcc.a
START GROUP
LOAD /opt/riscv/lib/gcc/riscv32-unknown-elf/12.1.0/../../../../riscv32-unknown-elf/lib/libc.a
LOAD /opt/riscv/lib/gcc/riscv32-unknown-elf/12.1.0/../../../../riscv32-unknown-elf/lib/libgloss.a
END GROUP
LOAD /opt/riscv/lib/gcc/riscv32-unknown-elf/12.1.0/libgcc.a
OUTPUT(top.elf elf32-littleriscv)

.riscv.attributes
                0x0000000000000000       0x20
 .riscv.attributes
                0x0000000000000000       0x1e top.elf-crt0_vex.o
 .riscv.attributes
                0x000000000000001e       0x20 top.elf-isr.o
 .riscv.attributes
                0x000000000000003e       0x1c top.elf-func.o
 .riscv.attributes
                0x000000000000005a       0x20 top.elf-top.o

.comment        0x0000000000000000       0x1b
 .comment       0x0000000000000000       0x1b top.elf-isr.o
                                         0x1c (size before relaxing)
 .comment       0x000000000000001b       0x1c top.elf-func.o
 .comment       0x000000000000001b       0x1c top.elf-top.o

.debug_line     0x0000000000000000     0x1bb0
 .debug_line    0x0000000000000000      0x20a top.elf-crt0_vex.o
 .debug_line    0x000000000000020a      0x121 top.elf-isr.o
 .debug_line    0x000000000000032b      0xd82 top.elf-func.o
 .debug_line    0x00000000000010ad      0xb03 top.elf-top.o

.debug_line_str
                0x0000000000000000       0xe1
 .debug_line_str
                0x0000000000000000       0x4a top.elf-crt0_vex.o
 .debug_line_str
                0x000000000000004a       0x83 top.elf-isr.o
                                         0xfe (size before relaxing)
 .debug_line_str
                0x00000000000000cd        0x7 top.elf-func.o
                                         0xb8 (size before relaxing)
 .debug_line_str
                0x00000000000000d4        0xd top.elf-top.o
                                         0xf6 (size before relaxing)

.debug_info     0x0000000000000000      0x725
 .debug_info    0x0000000000000000       0x25 top.elf-crt0_vex.o
 .debug_info    0x0000000000000025      0x1cc top.elf-isr.o
 .debug_info    0x00000000000001f1      0x29a top.elf-func.o
 .debug_info    0x000000000000048b      0x29a top.elf-top.o

.debug_abbrev   0x0000000000000000      0x505
 .debug_abbrev  0x0000000000000000       0x14 top.elf-crt0_vex.o
 .debug_abbrev  0x0000000000000014      0x170 top.elf-isr.o
 .debug_abbrev  0x0000000000000184      0x181 top.elf-func.o
 .debug_abbrev  0x0000000000000305      0x200 top.elf-top.o

.debug_aranges  0x0000000000000000       0xc0
 .debug_aranges
                0x0000000000000000       0x20 top.elf-crt0_vex.o
 .debug_aranges
                0x0000000000000020       0x20 top.elf-isr.o
 .debug_aranges
                0x0000000000000040       0x58 top.elf-func.o
 .debug_aranges
                0x0000000000000098       0x28 top.elf-top.o

.debug_str      0x0000000000000000      0x20b
 .debug_str     0x0000000000000000       0x56 top.elf-crt0_vex.o
 .debug_str     0x0000000000000056      0x11b top.elf-isr.o
                                        0x15c (size before relaxing)
 .debug_str     0x0000000000000171       0x60 top.elf-func.o
                                        0x162 (size before relaxing)
 .debug_str     0x00000000000001d1       0x3a top.elf-top.o
                                        0x156 (size before relaxing)

.debug_loclists
                0x0000000000000000      0x2c0
 .debug_loclists
                0x0000000000000000       0x52 top.elf-isr.o
 .debug_loclists
                0x0000000000000052      0x1be top.elf-func.o
 .debug_loclists
                0x0000000000000210       0xb0 top.elf-top.o

.debug_rnglists
                0x0000000000000000       0xf1
 .debug_rnglists
                0x0000000000000000       0x1f top.elf-isr.o
 .debug_rnglists
                0x000000000000001f       0x84 top.elf-func.o
 .debug_rnglists
                0x00000000000000a3       0x4e top.elf-top.o

.debug_frame    0x0000000000000000      0x128
 .debug_frame   0x0000000000000000       0x2c top.elf-isr.o
 .debug_frame   0x000000000000002c       0xa4 top.elf-func.o
 .debug_frame   0x00000000000000d0       0x58 top.elf-top.o
