Archive member included to satisfy reference by file (symbol)

/opt/riscv/lib/gcc/riscv32-unknown-elf/12.1.0/libgcc.a(muldi3.o)
                              counter_la_fir.elf-fir.o (__mulsi3)

Memory Configuration

Name             Origin             Length             Attributes
vexriscv_debug   0x00000000f00f0000 0x0000000000000100
dff              0x0000000000000000 0x0000000000000400
dff2             0x0000000000000400 0x0000000000000200
flash            0x0000000010000000 0x0000000001000000
mprj             0x0000000030000000 0x0000000000100000
mprjram          0x0000000038000000 0x0000000000400000
hk               0x0000000026000000 0x0000000000100000
csr              0x00000000f0000000 0x0000000000010000
*default*        0x0000000000000000 0xffffffffffffffff

Linker script and memory map

                0x0000000000000000                __DYNAMIC = 0x0

.text           0x0000000010000000      0x784
                0x0000000010000000                _ftext = .
 *crt0*(.text)
 .text          0x0000000010000000      0x144 counter_la_fir.elf-crt0_vex.o
                0x0000000010000000                _start
                0x0000000010000020                trap_entry
 *crt0*(.text)
 *(.text.isr)
                0x0000000010000144                _etext = .
 .text          0x0000000010000144       0x8c counter_la_fir.elf-isr.o
                0x00000000100001a4                isr
 .text          0x00000000100001d0        0x0 counter_la_fir.elf-fir.o
 .text          0x00000000100001d0      0x5b4 counter_la_fir.elf-counter_la_fir.o
                0x0000000010000208                putchar
                0x0000000010000270                print
                0x00000000100002c4                main

.rodata         0x0000000010000784        0x4
                0x0000000010000788                . = ALIGN (0x8)
 *fill*         0x0000000010000784        0x4 
                0x0000000010000788                _frodata = .
 *(.rodata .rodata.* .gnu.linkonce.r.*)
 *(.rodata1)
                0x0000000010000788                . = ALIGN (0x8)
                0x0000000010000788                _erodata = .

.data           0x0000000000000000       0x58 load address 0x0000000010000788
                0x0000000000000000                . = ALIGN (0x8)
                0x0000000000000000                _fdata = .
 *(.data .data.* .gnu.linkonce.d.*)
 .data          0x0000000000000000        0x0 counter_la_fir.elf-crt0_vex.o
 .data          0x0000000000000000        0x0 counter_la_fir.elf-isr.o
 .data          0x0000000000000000       0x58 counter_la_fir.elf-fir.o
                0x0000000000000000                taps
                0x000000000000002c                inputsignal
 .data          0x0000000000000058        0x0 counter_la_fir.elf-counter_la_fir.o
 .data          0x0000000000000058        0x0 /opt/riscv/lib/gcc/riscv32-unknown-elf/12.1.0/libgcc.a(muldi3.o)
 *(.data1)
                0x0000000000000060                _gp = ALIGN (0x10)
 *(.sdata .sdata.* .gnu.linkonce.s.*)
                0x0000000000000058                . = ALIGN (0x8)
                0x0000000000000058                _edata = .

.bss            0x0000000000000058       0x58 load address 0x00000000100007e0
                0x0000000000000058                . = ALIGN (0x8)
                0x0000000000000058                _fbss = .
 *(.dynsbss)
 *(.sbss .sbss.* .gnu.linkonce.sb.*)
 *(.scommon)
 *(.dynbss)
 *(.bss .bss.* .gnu.linkonce.b.*)
 .bss           0x0000000000000058        0x0 counter_la_fir.elf-crt0_vex.o
 .bss           0x0000000000000058        0x0 counter_la_fir.elf-isr.o
 .bss           0x0000000000000058       0x58 counter_la_fir.elf-fir.o
                0x0000000000000058                inputbuffer
                0x0000000000000084                outputsignal
 .bss           0x00000000000000b0        0x0 counter_la_fir.elf-counter_la_fir.o
 .bss           0x00000000000000b0        0x0 /opt/riscv/lib/gcc/riscv32-unknown-elf/12.1.0/libgcc.a(muldi3.o)
 *(COMMON)
                0x00000000000000b0                . = ALIGN (0x8)
                0x00000000000000b0                _ebss = .
                0x00000000000000b0                _end = .

.mprjram        0x0000000038000000      0x1fc load address 0x00000000100007e0
                0x0000000038000000                . = ALIGN (0x8)
                0x0000000038000000                _fsram = .
 *libgcc.a:*(.text .text.*)
 .text          0x0000000038000000       0x24 /opt/riscv/lib/gcc/riscv32-unknown-elf/12.1.0/libgcc.a(muldi3.o)
                0x0000000038000000                __mulsi3
 .mprjram       0x0000000038000024      0x1d8 counter_la_fir.elf-fir.o
                0x0000000038000024                initfir
                0x000000003800008c                firfilter
                0x000000003800017c                fir
                0x0000000000000600                PROVIDE (_fstack = (ORIGIN (dff2) + LENGTH (dff2)))
                0x0000000010000788                PROVIDE (_fdata_rom = LOADADDR (.data))
                [!provide]                        PROVIDE (_edata_rom = (LOADADDR (.data) + SIZEOF (.data)))
                0x00000000380001fc                PROVIDE (_esram = (ORIGIN (mprjram) + SIZEOF (.mprjram)))
                0x00000000100007e0                PROVIDE (_esram_rom = LOADADDR (.mprjram))
LOAD counter_la_fir.elf-crt0_vex.o
LOAD counter_la_fir.elf-isr.o
LOAD counter_la_fir.elf-fir.o
LOAD counter_la_fir.elf-counter_la_fir.o
LOAD /opt/riscv/lib/gcc/riscv32-unknown-elf/12.1.0/libgcc.a
START GROUP
LOAD /opt/riscv/lib/gcc/riscv32-unknown-elf/12.1.0/../../../../riscv32-unknown-elf/lib/libc.a
LOAD /opt/riscv/lib/gcc/riscv32-unknown-elf/12.1.0/../../../../riscv32-unknown-elf/lib/libgloss.a
END GROUP
LOAD /opt/riscv/lib/gcc/riscv32-unknown-elf/12.1.0/libgcc.a
OUTPUT(counter_la_fir.elf elf32-littleriscv)

.rela.dyn       0x00000000380001fc        0x0 load address 0x00000000100009dc
 .rela.text     0x00000000380001fc        0x0 counter_la_fir.elf-crt0_vex.o

.riscv.attributes
                0x0000000000000000       0x20
 .riscv.attributes
                0x0000000000000000       0x1e counter_la_fir.elf-crt0_vex.o
 .riscv.attributes
                0x000000000000001e       0x20 counter_la_fir.elf-isr.o
 .riscv.attributes
                0x000000000000003e       0x1c counter_la_fir.elf-fir.o
 .riscv.attributes
                0x000000000000005a       0x1c counter_la_fir.elf-counter_la_fir.o
 .riscv.attributes
                0x0000000000000076       0x1a /opt/riscv/lib/gcc/riscv32-unknown-elf/12.1.0/libgcc.a(muldi3.o)

.comment        0x0000000000000000       0x1b
 .comment       0x0000000000000000       0x1b counter_la_fir.elf-isr.o
                                         0x1c (size before relaxing)
 .comment       0x000000000000001b       0x1c counter_la_fir.elf-fir.o
 .comment       0x000000000000001b       0x1c counter_la_fir.elf-counter_la_fir.o

.debug_line     0x0000000000000000      0xaa2
 .debug_line    0x0000000000000000      0x204 counter_la_fir.elf-crt0_vex.o
 .debug_line    0x0000000000000204       0x9e counter_la_fir.elf-isr.o
 .debug_line    0x00000000000002a2      0x1bf counter_la_fir.elf-fir.o
 .debug_line    0x0000000000000461      0x5c7 counter_la_fir.elf-counter_la_fir.o
 .debug_line    0x0000000000000a28       0x7a /opt/riscv/lib/gcc/riscv32-unknown-elf/12.1.0/libgcc.a(muldi3.o)

.debug_line_str
                0x0000000000000000      0x176
 .debug_line_str
                0x0000000000000000       0x59 counter_la_fir.elf-crt0_vex.o
 .debug_line_str
                0x0000000000000059       0x28 counter_la_fir.elf-isr.o
                                         0xc1 (size before relaxing)
 .debug_line_str
                0x0000000000000081        0x6 counter_la_fir.elf-fir.o
                                         0x96 (size before relaxing)
 .debug_line_str
                0x0000000000000087       0x5b counter_la_fir.elf-counter_la_fir.o
                                        0x113 (size before relaxing)
 .debug_line_str
                0x00000000000000e2       0x94 /opt/riscv/lib/gcc/riscv32-unknown-elf/12.1.0/libgcc.a(muldi3.o)

.debug_info     0x0000000000000000      0x396
 .debug_info    0x0000000000000000       0x25 counter_la_fir.elf-crt0_vex.o
 .debug_info    0x0000000000000025       0xc5 counter_la_fir.elf-isr.o
 .debug_info    0x00000000000000ea      0x14a counter_la_fir.elf-fir.o
 .debug_info    0x0000000000000234      0x133 counter_la_fir.elf-counter_la_fir.o
 .debug_info    0x0000000000000367       0x2f /opt/riscv/lib/gcc/riscv32-unknown-elf/12.1.0/libgcc.a(muldi3.o)

.debug_abbrev   0x0000000000000000      0x292
 .debug_abbrev  0x0000000000000000       0x14 counter_la_fir.elf-crt0_vex.o
 .debug_abbrev  0x0000000000000014       0x86 counter_la_fir.elf-isr.o
 .debug_abbrev  0x000000000000009a       0xf2 counter_la_fir.elf-fir.o
 .debug_abbrev  0x000000000000018c       0xe5 counter_la_fir.elf-counter_la_fir.o
 .debug_abbrev  0x0000000000000271       0x21 /opt/riscv/lib/gcc/riscv32-unknown-elf/12.1.0/libgcc.a(muldi3.o)

.debug_aranges  0x0000000000000000       0xb0
 .debug_aranges
                0x0000000000000000       0x20 counter_la_fir.elf-crt0_vex.o
 .debug_aranges
                0x0000000000000020       0x20 counter_la_fir.elf-isr.o
 .debug_aranges
                0x0000000000000040       0x30 counter_la_fir.elf-fir.o
 .debug_aranges
                0x0000000000000070       0x20 counter_la_fir.elf-counter_la_fir.o
 .debug_aranges
                0x0000000000000090       0x20 /opt/riscv/lib/gcc/riscv32-unknown-elf/12.1.0/libgcc.a(muldi3.o)

.debug_str      0x0000000000000000      0x248
 .debug_str     0x0000000000000000       0x65 counter_la_fir.elf-crt0_vex.o
 .debug_str     0x0000000000000065       0xd5 counter_la_fir.elf-isr.o
                                        0x10e (size before relaxing)
 .debug_str     0x000000000000013a       0x55 counter_la_fir.elf-fir.o
                                         0xb9 (size before relaxing)
 .debug_str     0x000000000000018f       0x1c counter_la_fir.elf-counter_la_fir.o
                                        0x11e (size before relaxing)
 .debug_str     0x00000000000001ab       0x9d /opt/riscv/lib/gcc/riscv32-unknown-elf/12.1.0/libgcc.a(muldi3.o)
                                         0xa9 (size before relaxing)

.debug_frame    0x0000000000000000      0x1f8
 .debug_frame   0x0000000000000000       0xa4 counter_la_fir.elf-isr.o
 .debug_frame   0x00000000000000a4       0x84 counter_la_fir.elf-fir.o
 .debug_frame   0x0000000000000128       0xd0 counter_la_fir.elf-counter_la_fir.o

.debug_rnglists
                0x0000000000000000       0x28
 .debug_rnglists
                0x0000000000000000       0x28 counter_la_fir.elf-fir.o
